TLC2 Version 2026.05.12.170007 (rev: 8033878)
Warning: Please run the Java VM, which executes TLC with a throughput optimized garbage collector, by passing the "-XX:+UseParallelGC" property.
(Use the -nowarning option to disable this warning.)
Running Random Simulation with seed 6475455828985540000 with 8 workers on 16 cores with 6144MB heap and 64MB offheap memory [pid: 3463273] (Linux 6.6.87.2-microsoft-standard-WSL2 amd64, Ubuntu 11.0.30 64bit).
Parsing file /home/defenwycke/dev/projects/bitcoin-core-ladder/spec/AutoKeyPath.tla
Parsing file /tmp/tlc-17409973369790778884/Integers.tla (jar:file:/home/defenwycke/tla/tla2tools.jar!/tla2sany/StandardModules/Integers.tla)
Parsing file /tmp/tlc-17409973369790778884/_TLCTrace.tla (jar:file:/home/defenwycke/tla/tla2tools.jar!/tla2sany/StandardModules/_TLCTrace.tla)
Parsing file /tmp/tlc-17409973369790778884/Naturals.tla (jar:file:/home/defenwycke/tla/tla2tools.jar!/tla2sany/StandardModules/Naturals.tla)
Parsing file /tmp/tlc-17409973369790778884/TLC.tla (jar:file:/home/defenwycke/tla/tla2tools.jar!/tla2sany/StandardModules/TLC.tla)
Parsing file /tmp/tlc-17409973369790778884/TLCExt.tla (jar:file:/home/defenwycke/tla/tla2tools.jar!/tla2sany/StandardModules/TLCExt.tla)
Parsing file /tmp/tlc-17409973369790778884/Sequences.tla (jar:file:/home/defenwycke/tla/tla2tools.jar!/tla2sany/StandardModules/Sequences.tla)
Parsing file /tmp/tlc-17409973369790778884/FiniteSets.tla (jar:file:/home/defenwycke/tla/tla2tools.jar!/tla2sany/StandardModules/FiniteSets.tla)
Semantic processing of module Naturals
Semantic processing of module Integers
Semantic processing of module Sequences
Semantic processing of module FiniteSets
Semantic processing of module TLC
Semantic processing of module TLCExt
Semantic processing of module _TLCTrace
Semantic processing of module AutoKeyPath
Linting of module TLCExt
Linting of module _TLCTrace
Linting of module AutoKeyPath
Starting... (2026-05-12 22:31:33)
Computed 892160 initial states...
Finished computing initial states: 892160 distinct state generated at 2026-05-12 22:31:34.
Progress: 269197561 states checked, 2683057 traces generated (trace length: mean=71, var(x)=841, sd=29)
Progress: 533490579 states checked, 5325988 traces generated (trace length: mean=71, var(x)=35, sd=6)
Progress: 798986960 states checked, 7980949 traces generated (trace length: mean=71, var(x)=303, sd=17)
Progress: 800892160 states checked, 8000000 traces generated (trace length: mean=71, var(x)=304, sd=17)
The number of states generated: 800892160
Simulation using seed 6475455828985540000 and aril 0
Finished in 02min 50s at (2026-05-12 22:34:24)
