TLC2 Version 2026.05.12.170007 (rev: 8033878)
Warning: Please run the Java VM, which executes TLC with a throughput optimized garbage collector, by passing the "-XX:+UseParallelGC" property.
(Use the -nowarning option to disable this warning.)
Running Random Simulation with seed -4251892233413322861 with 8 workers on 16 cores with 6144MB heap and 64MB offheap memory [pid: 3464567] (Linux 6.6.87.2-microsoft-standard-WSL2 amd64, Ubuntu 11.0.30 64bit).
Parsing file /home/defenwycke/dev/projects/bitcoin-core-ladder/spec/LadderSighash.tla
Parsing file /tmp/tlc-3728572574908353059/Integers.tla (jar:file:/home/defenwycke/tla/tla2tools.jar!/tla2sany/StandardModules/Integers.tla)
Parsing file /tmp/tlc-3728572574908353059/FiniteSets.tla (jar:file:/home/defenwycke/tla/tla2tools.jar!/tla2sany/StandardModules/FiniteSets.tla)
Parsing file /tmp/tlc-3728572574908353059/_TLCTrace.tla (jar:file:/home/defenwycke/tla/tla2tools.jar!/tla2sany/StandardModules/_TLCTrace.tla)
Parsing file /tmp/tlc-3728572574908353059/Naturals.tla (jar:file:/home/defenwycke/tla/tla2tools.jar!/tla2sany/StandardModules/Naturals.tla)
Parsing file /tmp/tlc-3728572574908353059/Sequences.tla (jar:file:/home/defenwycke/tla/tla2tools.jar!/tla2sany/StandardModules/Sequences.tla)
Parsing file /tmp/tlc-3728572574908353059/TLC.tla (jar:file:/home/defenwycke/tla/tla2tools.jar!/tla2sany/StandardModules/TLC.tla)
Parsing file /tmp/tlc-3728572574908353059/TLCExt.tla (jar:file:/home/defenwycke/tla/tla2tools.jar!/tla2sany/StandardModules/TLCExt.tla)
Semantic processing of module Naturals
Semantic processing of module Integers
Semantic processing of module Sequences
Semantic processing of module FiniteSets
Semantic processing of module TLC
Semantic processing of module TLCExt
Semantic processing of module _TLCTrace
Semantic processing of module LadderSighash
Linting of module TLCExt
Linting of module _TLCTrace
Linting of module LadderSighash
Starting... (2026-05-12 22:34:45)
Computed 512 initial states...
Finished computing initial states: 512 distinct state generated at 2026-05-12 22:34:45.
Progress: 153947609 states checked, 1539475 traces generated (trace length: mean=71, var(x)=841, sd=29)
