TLC2 Version 2026.05.12.170007 (rev: 8033878)
Warning: Please run the Java VM, which executes TLC with a throughput optimized garbage collector, by passing the "-XX:+UseParallelGC" property.
(Use the -nowarning option to disable this warning.)
Running breadth-first search Model-Checking with fp 95 and seed -8211307466262624424 with 2 workers on 16 cores with 2048MB heap and 64MB offheap memory [pid: 3467150] (Linux 6.6.87.2-microsoft-standard-WSL2 amd64, Ubuntu 11.0.30 64bit, MSBDiskFPSet, DiskStateQueue).
Parsing file /home/defenwycke/dev/projects/bitcoin-core-ladder/spec/BlockPLC.tla
Parsing file /tmp/tlc-10376620076577261884/Integers.tla (jar:file:/home/defenwycke/tla/tla2tools.jar!/tla2sany/StandardModules/Integers.tla)
Parsing file /tmp/tlc-10376620076577261884/FiniteSets.tla (jar:file:/home/defenwycke/tla/tla2tools.jar!/tla2sany/StandardModules/FiniteSets.tla)
Parsing file /tmp/tlc-10376620076577261884/_TLCTrace.tla (jar:file:/home/defenwycke/tla/tla2tools.jar!/tla2sany/StandardModules/_TLCTrace.tla)
Parsing file /tmp/tlc-10376620076577261884/Naturals.tla (jar:file:/home/defenwycke/tla/tla2tools.jar!/tla2sany/StandardModules/Naturals.tla)
Parsing file /tmp/tlc-10376620076577261884/Sequences.tla (jar:file:/home/defenwycke/tla/tla2tools.jar!/tla2sany/StandardModules/Sequences.tla)
Parsing file /tmp/tlc-10376620076577261884/TLC.tla (jar:file:/home/defenwycke/tla/tla2tools.jar!/tla2sany/StandardModules/TLC.tla)
Parsing file /tmp/tlc-10376620076577261884/TLCExt.tla (jar:file:/home/defenwycke/tla/tla2tools.jar!/tla2sany/StandardModules/TLCExt.tla)
Semantic processing of module Naturals
Semantic processing of module Integers
Semantic processing of module Sequences
Semantic processing of module FiniteSets
Semantic processing of module TLC
Semantic processing of module TLCExt
Semantic processing of module _TLCTrace
Semantic processing of module BlockPLC
Linting of module TLCExt
Linting of module _TLCTrace
Linting of module BlockPLC
Starting... (2026-05-12 22:54:06)
Computing initial states...
Computed 2 initial states...
Computed 4 initial states...
Computed 8 initial states...
Computed 16 initial states...
Computed 32 initial states...
Computed 64 initial states...
Computed 128 initial states...
Computed 256 initial states...
Computed 512 initial states...
Computed 1024 initial states...
Computed 2048 initial states...
Computed 4096 initial states...
Computed 8192 initial states...
Computed 16384 initial states...
Computed 32768 initial states...
Computed 65536 initial states...
Computed 131072 initial states...
Computed 262144 initial states...
Computed 524288 initial states...
Computed 1048576 initial states...
Computed 2097152 initial states...
Computed 4194304 initial states...
Computed 8388608 initial states...
Computed 16777216 initial states...
Computed 33554432 initial states...
Computed 67108864 initial states...
Computed 134217728 initial states...
