TLC2 Version 2026.05.12.170007 (rev: 8033878)
Warning: Please run the Java VM, which executes TLC with a throughput optimized garbage collector, by passing the "-XX:+UseParallelGC" property.
(Use the -nowarning option to disable this warning.)
Running breadth-first search Model-Checking with fp 129 and seed 26021588382080449 with 2 workers on 16 cores with 2048MB heap and 64MB offheap memory [pid: 3467144] (Linux 6.6.87.2-microsoft-standard-WSL2 amd64, Ubuntu 11.0.30 64bit, MSBDiskFPSet, DiskStateQueue).
Parsing file /home/defenwycke/dev/projects/bitcoin-core-ladder/spec/BlockCovenant.tla
Parsing file /tmp/tlc-11062808871160056131/Integers.tla (jar:file:/home/defenwycke/tla/tla2tools.jar!/tla2sany/StandardModules/Integers.tla)
Parsing file /tmp/tlc-11062808871160056131/_TLCTrace.tla (jar:file:/home/defenwycke/tla/tla2tools.jar!/tla2sany/StandardModules/_TLCTrace.tla)
Parsing file /tmp/tlc-11062808871160056131/Naturals.tla (jar:file:/home/defenwycke/tla/tla2tools.jar!/tla2sany/StandardModules/Naturals.tla)
Parsing file /tmp/tlc-11062808871160056131/TLC.tla (jar:file:/home/defenwycke/tla/tla2tools.jar!/tla2sany/StandardModules/TLC.tla)
Parsing file /tmp/tlc-11062808871160056131/TLCExt.tla (jar:file:/home/defenwycke/tla/tla2tools.jar!/tla2sany/StandardModules/TLCExt.tla)
Parsing file /tmp/tlc-11062808871160056131/Sequences.tla (jar:file:/home/defenwycke/tla/tla2tools.jar!/tla2sany/StandardModules/Sequences.tla)
Parsing file /tmp/tlc-11062808871160056131/FiniteSets.tla (jar:file:/home/defenwycke/tla/tla2tools.jar!/tla2sany/StandardModules/FiniteSets.tla)
Semantic processing of module Naturals
Semantic processing of module Integers
Semantic processing of module Sequences
Semantic processing of module FiniteSets
Semantic processing of module TLC
Semantic processing of module TLCExt
Semantic processing of module _TLCTrace
Semantic processing of module BlockCovenant
Linting of module TLCExt
Linting of module _TLCTrace
Linting of module BlockCovenant
Starting... (2026-05-12 22:54:06)
Computing initial states...
Computed 2 initial states...
Computed 4 initial states...
Computed 8 initial states...
Computed 16 initial states...
Computed 32 initial states...
Computed 64 initial states...
Computed 128 initial states...
Computed 256 initial states...
Computed 512 initial states...
Computed 1024 initial states...
Computed 2048 initial states...
Computed 4096 initial states...
Computed 8192 initial states...
Computed 16384 initial states...
Computed 32768 initial states...
Computed 65536 initial states...
Computed 131072 initial states...
Computed 262144 initial states...
Computed 524288 initial states...
Computed 1048576 initial states...
Computed 2097152 initial states...
Computed 4194304 initial states...
Computed 8388608 initial states...
Finished computing initial states: 13799808 distinct states generated at 2026-05-12 22:54:55.
Progress(2) at 2026-05-12 22:54:58: 14,577,253 states generated (14,577,253 s/min), 14,577,120 distinct states found (14,577,120 ds/min), 13,799,806 states left on queue.
Progress(2) at 2026-05-12 22:55:54: 40,619,716 states generated (26,042,463 s/min), 27,599,616 distinct states found (13,022,496 ds/min), 779,571 states left on queue.
Model checking completed. No error has been found.
  Estimates of the probability that TLC did not check all reachable states
  because two distinct states had the same fingerprint:
  calculated (optimistic):  val = 2.1E-5
  based on the actual fingerprints:  val = 2.3E-6
41399424 states generated, 27599616 distinct states found, 0 states left on queue.
The depth of the complete state graph search is 2.
The average outdegree of the complete state graph is 1 (minimum is 0, the maximum 1 and the 95th percentile is 1).
Finished in 01min 53s at (2026-05-12 22:55:57)
