TLC2 Version 2026.05.12.170007 (rev: 8033878)
Warning: Please run the Java VM, which executes TLC with a throughput optimized garbage collector, by passing the "-XX:+UseParallelGC" property.
(Use the -nowarning option to disable this warning.)
Running breadth-first search Model-Checking with fp 105 and seed 147226020832420289 with 4 workers on 16 cores with 9216MB heap and 64MB offheap memory [pid: 3465327] (Linux 6.6.87.2-microsoft-standard-WSL2 amd64, Ubuntu 11.0.30 64bit, MSBDiskFPSet, DiskStateQueue).
Parsing file /home/defenwycke/dev/projects/bitcoin-core-ladder/spec/HybridCreationProof.tla
Parsing file /tmp/tlc-6888722686435824239/Integers.tla (jar:file:/home/defenwycke/tla/tla2tools.jar!/tla2sany/StandardModules/Integers.tla)
Parsing file /tmp/tlc-6888722686435824239/Sequences.tla (jar:file:/home/defenwycke/tla/tla2tools.jar!/tla2sany/StandardModules/Sequences.tla)
Parsing file /tmp/tlc-6888722686435824239/FiniteSets.tla (jar:file:/home/defenwycke/tla/tla2tools.jar!/tla2sany/StandardModules/FiniteSets.tla)
Parsing file /tmp/tlc-6888722686435824239/_TLCTrace.tla (jar:file:/home/defenwycke/tla/tla2tools.jar!/tla2sany/StandardModules/_TLCTrace.tla)
Parsing file /tmp/tlc-6888722686435824239/Naturals.tla (jar:file:/home/defenwycke/tla/tla2tools.jar!/tla2sany/StandardModules/Naturals.tla)
Parsing file /tmp/tlc-6888722686435824239/TLC.tla (jar:file:/home/defenwycke/tla/tla2tools.jar!/tla2sany/StandardModules/TLC.tla)
Parsing file /tmp/tlc-6888722686435824239/TLCExt.tla (jar:file:/home/defenwycke/tla/tla2tools.jar!/tla2sany/StandardModules/TLCExt.tla)
Semantic processing of module Naturals
Semantic processing of module Integers
Semantic processing of module Sequences
Semantic processing of module FiniteSets
Semantic processing of module TLC
Semantic processing of module TLCExt
Semantic processing of module _TLCTrace
Semantic processing of module HybridCreationProof
Linting of module TLCExt
Linting of module _TLCTrace
Linting of module HybridCreationProof
Starting... (2026-05-12 22:40:46)
Computing initial states...
Computed 2 initial states...
Computed 4 initial states...
Computed 8 initial states...
Computed 16 initial states...
Computed 32 initial states...
Computed 64 initial states...
Computed 128 initial states...
Computed 256 initial states...
Computed 512 initial states...
Computed 1024 initial states...
Computed 2048 initial states...
Computed 4096 initial states...
Computed 8192 initial states...
Computed 16384 initial states...
Computed 32768 initial states...
Computed 65536 initial states...
Computed 131072 initial states...
Computed 262144 initial states...
Computed 524288 initial states...
Computed 1048576 initial states...
Computed 2097152 initial states...
Computed 4194304 initial states...
Computed 8388608 initial states...
Computed 16777216 initial states...
Finished computing initial states: 24715680 distinct states generated at 2026-05-12 22:41:33.
Progress(2) at 2026-05-12 22:41:36: 25,178,768 states generated (25,178,768 s/min), 25,178,737 distinct states found (25,178,737 ds/min), 24,715,676 states left on queue.
Progress(2) at 2026-05-12 22:42:32: 37,569,471 states generated (12,390,703 s/min), 37,569,455 distinct states found (12,390,718 ds/min), 24,715,676 states left on queue.
Progress(2) at 2026-05-12 22:43:28: 52,283,320 states generated (14,713,849 s/min), 49,431,360 distinct states found (11,861,905 ds/min), 21,863,598 states left on queue.
Model checking completed. No error has been found.
  Estimates of the probability that TLC did not check all reachable states
  because two distinct states had the same fingerprint:
  calculated (optimistic):  val = 6.6E-5
  based on the actual fingerprints:  val = 1.5E-4
74147040 states generated, 49431360 distinct states found, 0 states left on queue.
The depth of the complete state graph search is 2.
The average outdegree of the complete state graph is 1 (minimum is 0, the maximum 1 and the 95th percentile is 1).
Finished in 02min 56s at (2026-05-12 22:43:42)
