TLC2 Version 2026.05.12.170007 (rev: 8033878)
Warning: Please run the Java VM, which executes TLC with a throughput optimized garbage collector, by passing the "-XX:+UseParallelGC" property.
(Use the -nowarning option to disable this warning.)
Running breadth-first search Model-Checking with fp 38 and seed 5884567935507185860 with 2 workers on 16 cores with 1024MB heap and 64MB offheap memory [pid: 3465995] (Linux 6.6.87.2-microsoft-standard-WSL2 amd64, Ubuntu 11.0.30 64bit, MSBDiskFPSet, DiskStateQueue).
Parsing file /home/defenwycke/dev/projects/bitcoin-core-ladder/spec/LadderMerkle.tla
Parsing file /tmp/tlc-11754813262412182253/Integers.tla (jar:file:/home/defenwycke/tla/tla2tools.jar!/tla2sany/StandardModules/Integers.tla)
Parsing file /tmp/tlc-11754813262412182253/Sequences.tla (jar:file:/home/defenwycke/tla/tla2tools.jar!/tla2sany/StandardModules/Sequences.tla)
Parsing file /tmp/tlc-11754813262412182253/FiniteSets.tla (jar:file:/home/defenwycke/tla/tla2tools.jar!/tla2sany/StandardModules/FiniteSets.tla)
Parsing file /tmp/tlc-11754813262412182253/_TLCTrace.tla (jar:file:/home/defenwycke/tla/tla2tools.jar!/tla2sany/StandardModules/_TLCTrace.tla)
Parsing file /tmp/tlc-11754813262412182253/Naturals.tla (jar:file:/home/defenwycke/tla/tla2tools.jar!/tla2sany/StandardModules/Naturals.tla)
Parsing file /tmp/tlc-11754813262412182253/TLC.tla (jar:file:/home/defenwycke/tla/tla2tools.jar!/tla2sany/StandardModules/TLC.tla)
Parsing file /tmp/tlc-11754813262412182253/TLCExt.tla (jar:file:/home/defenwycke/tla/tla2tools.jar!/tla2sany/StandardModules/TLCExt.tla)
Semantic processing of module Naturals
Semantic processing of module Integers
Semantic processing of module Sequences
Semantic processing of module FiniteSets
Semantic processing of module TLC
Semantic processing of module TLCExt
Semantic processing of module _TLCTrace
Semantic processing of module LadderMerkle
Linting of module TLCExt
Linting of module _TLCTrace
Linting of module LadderMerkle
Starting... (2026-05-12 22:43:27)
Computing initial states...
Computed 2 initial states...
Computed 4 initial states...
Computed 8 initial states...
Computed 16 initial states...
Computed 32 initial states...
Computed 64 initial states...
Computed 128 initial states...
Finished computing initial states: 192 distinct states generated at 2026-05-12 22:43:28.
Model checking completed. No error has been found.
  Estimates of the probability that TLC did not check all reachable states
  because two distinct states had the same fingerprint:
  calculated (optimistic):  val = 4.0E-15
576 states generated, 384 distinct states found, 0 states left on queue.
The depth of the complete state graph search is 2.
The average outdegree of the complete state graph is 1 (minimum is 0, the maximum 1 and the 95th percentile is 1).
Finished in 02s at (2026-05-12 22:43:28)
